// Jest Snapshot v1, https://goo.gl/fbAQLP

exports[`Calendar component should match snapshot 1`] = `
ShallowWrapper {
  "length": 1,
  Symbol(enzyme.__root__): [Circular],
  Symbol(enzyme.__unrendered__): <Calendar />,
  Symbol(enzyme.__renderer__): Object {
    "batchedUpdates": [Function],
    "getNode": [Function],
    "render": [Function],
    "simulateEvent": [Function],
    "unmount": [Function],
  },
  Symbol(enzyme.__node__): Object {
    "instance": null,
    "key": undefined,
    "nodeType": "host",
    "props": Object {
      "children": <Uncontrolled(Calendar)
        defaultDate={1533772800000}
        events={
          Array [
            Object {
              "allDay": true,
              "end": 1533081600000,
              "id": 0,
              "start": 1532995200000,
              "title": "All Day Event very long title",
            },
            Object {
              "end": 1533859200000,
              "id": 1,
              "start": 1533600000000,
              "title": "Long Event",
            },
            Object {
              "end": 1458432000000,
              "id": 2,
              "start": 1457827200000,
              "title": "DTS STARTS",
            },
            Object {
              "end": 1478995200000,
              "id": 3,
              "start": 1478390400000,
              "title": "DTS ENDS",
            },
            Object {
              "end": 1533772800000,
              "id": 4,
              "start": 1533772800000,
              "title": "Some Event",
            },
            Object {
              "desc": "Big conference for important people",
              "end": 1534118400000,
              "id": 5,
              "start": 1533945600000,
              "title": "Conference",
            },
            Object {
              "desc": "Pre-meeting meeting, to prepare for the meeting",
              "end": 1534077000000,
              "id": 6,
              "start": 1534069800000,
              "title": "Meeting",
            },
            Object {
              "desc": "Power lunch",
              "end": 1534078800000,
              "id": 7,
              "start": 1534075200000,
              "title": "Lunch",
            },
            Object {
              "end": 1534086000000,
              "id": 8,
              "start": 1534082400000,
              "title": "Meeting",
            },
            Object {
              "desc": "Most important meal of the day",
              "end": 1534095000000,
              "id": 9,
              "start": 1534093200000,
              "title": "Happy Hour",
            },
            Object {
              "end": 1534107600000,
              "id": 10,
              "start": 1534104000000,
              "title": "Dinner",
            },
            Object {
              "end": 1534156200000,
              "id": 11,
              "start": 1534143600000,
              "title": "Birthday Party",
            },
            Object {
              "end": 1534557600000,
              "id": 12,
              "start": 1534534200000,
              "title": "Late Night Event",
            },
            Object {
              "end": 1534903200000,
              "id": 13,
              "start": 1534793400000,
              "title": "Multi-day Event",
            },
          ]
        }
        showMultiDayTime={true}
        step={60}
        views={
          Array [
            "month",
            "day",
            "agenda",
          ]
        }
      />,
      "className": "calendar-container",
    },
    "ref": null,
    "rendered": Object {
      "instance": null,
      "key": undefined,
      "nodeType": "class",
      "props": Object {
        "defaultDate": 1533772800000,
        "events": Array [
          Object {
            "allDay": true,
            "end": 1533081600000,
            "id": 0,
            "start": 1532995200000,
            "title": "All Day Event very long title",
          },
          Object {
            "end": 1533859200000,
            "id": 1,
            "start": 1533600000000,
            "title": "Long Event",
          },
          Object {
            "end": 1458432000000,
            "id": 2,
            "start": 1457827200000,
            "title": "DTS STARTS",
          },
          Object {
            "end": 1478995200000,
            "id": 3,
            "start": 1478390400000,
            "title": "DTS ENDS",
          },
          Object {
            "end": 1533772800000,
            "id": 4,
            "start": 1533772800000,
            "title": "Some Event",
          },
          Object {
            "desc": "Big conference for important people",
            "end": 1534118400000,
            "id": 5,
            "start": 1533945600000,
            "title": "Conference",
          },
          Object {
            "desc": "Pre-meeting meeting, to prepare for the meeting",
            "end": 1534077000000,
            "id": 6,
            "start": 1534069800000,
            "title": "Meeting",
          },
          Object {
            "desc": "Power lunch",
            "end": 1534078800000,
            "id": 7,
            "start": 1534075200000,
            "title": "Lunch",
          },
          Object {
            "end": 1534086000000,
            "id": 8,
            "start": 1534082400000,
            "title": "Meeting",
          },
          Object {
            "desc": "Most important meal of the day",
            "end": 1534095000000,
            "id": 9,
            "start": 1534093200000,
            "title": "Happy Hour",
          },
          Object {
            "end": 1534107600000,
            "id": 10,
            "start": 1534104000000,
            "title": "Dinner",
          },
          Object {
            "end": 1534156200000,
            "id": 11,
            "start": 1534143600000,
            "title": "Birthday Party",
          },
          Object {
            "end": 1534557600000,
            "id": 12,
            "start": 1534534200000,
            "title": "Late Night Event",
          },
          Object {
            "end": 1534903200000,
            "id": 13,
            "start": 1534793400000,
            "title": "Multi-day Event",
          },
        ],
        "showMultiDayTime": true,
        "step": 60,
        "views": Array [
          "month",
          "day",
          "agenda",
        ],
      },
      "ref": null,
      "rendered": null,
      "type": [Function],
    },
    "type": "div",
  },
  Symbol(enzyme.__nodes__): Array [
    Object {
      "instance": null,
      "key": undefined,
      "nodeType": "host",
      "props": Object {
        "children": <Uncontrolled(Calendar)
          defaultDate={1533772800000}
          events={
            Array [
              Object {
                "allDay": true,
                "end": 1533081600000,
                "id": 0,
                "start": 1532995200000,
                "title": "All Day Event very long title",
              },
              Object {
                "end": 1533859200000,
                "id": 1,
                "start": 1533600000000,
                "title": "Long Event",
              },
              Object {
                "end": 1458432000000,
                "id": 2,
                "start": 1457827200000,
                "title": "DTS STARTS",
              },
              Object {
                "end": 1478995200000,
                "id": 3,
                "start": 1478390400000,
                "title": "DTS ENDS",
              },
              Object {
                "end": 1533772800000,
                "id": 4,
                "start": 1533772800000,
                "title": "Some Event",
              },
              Object {
                "desc": "Big conference for important people",
                "end": 1534118400000,
                "id": 5,
                "start": 1533945600000,
                "title": "Conference",
              },
              Object {
                "desc": "Pre-meeting meeting, to prepare for the meeting",
                "end": 1534077000000,
                "id": 6,
                "start": 1534069800000,
                "title": "Meeting",
              },
              Object {
                "desc": "Power lunch",
                "end": 1534078800000,
                "id": 7,
                "start": 1534075200000,
                "title": "Lunch",
              },
              Object {
                "end": 1534086000000,
                "id": 8,
                "start": 1534082400000,
                "title": "Meeting",
              },
              Object {
                "desc": "Most important meal of the day",
                "end": 1534095000000,
                "id": 9,
                "start": 1534093200000,
                "title": "Happy Hour",
              },
              Object {
                "end": 1534107600000,
                "id": 10,
                "start": 1534104000000,
                "title": "Dinner",
              },
              Object {
                "end": 1534156200000,
                "id": 11,
                "start": 1534143600000,
                "title": "Birthday Party",
              },
              Object {
                "end": 1534557600000,
                "id": 12,
                "start": 1534534200000,
                "title": "Late Night Event",
              },
              Object {
                "end": 1534903200000,
                "id": 13,
                "start": 1534793400000,
                "title": "Multi-day Event",
              },
            ]
          }
          showMultiDayTime={true}
          step={60}
          views={
            Array [
              "month",
              "day",
              "agenda",
            ]
          }
        />,
        "className": "calendar-container",
      },
      "ref": null,
      "rendered": Object {
        "instance": null,
        "key": undefined,
        "nodeType": "class",
        "props": Object {
          "defaultDate": 1533772800000,
          "events": Array [
            Object {
              "allDay": true,
              "end": 1533081600000,
              "id": 0,
              "start": 1532995200000,
              "title": "All Day Event very long title",
            },
            Object {
              "end": 1533859200000,
              "id": 1,
              "start": 1533600000000,
              "title": "Long Event",
            },
            Object {
              "end": 1458432000000,
              "id": 2,
              "start": 1457827200000,
              "title": "DTS STARTS",
            },
            Object {
              "end": 1478995200000,
              "id": 3,
              "start": 1478390400000,
              "title": "DTS ENDS",
            },
            Object {
              "end": 1533772800000,
              "id": 4,
              "start": 1533772800000,
              "title": "Some Event",
            },
            Object {
              "desc": "Big conference for important people",
              "end": 1534118400000,
              "id": 5,
              "start": 1533945600000,
              "title": "Conference",
            },
            Object {
              "desc": "Pre-meeting meeting, to prepare for the meeting",
              "end": 1534077000000,
              "id": 6,
              "start": 1534069800000,
              "title": "Meeting",
            },
            Object {
              "desc": "Power lunch",
              "end": 1534078800000,
              "id": 7,
              "start": 1534075200000,
              "title": "Lunch",
            },
            Object {
              "end": 1534086000000,
              "id": 8,
              "start": 1534082400000,
              "title": "Meeting",
            },
            Object {
              "desc": "Most important meal of the day",
              "end": 1534095000000,
              "id": 9,
              "start": 1534093200000,
              "title": "Happy Hour",
            },
            Object {
              "end": 1534107600000,
              "id": 10,
              "start": 1534104000000,
              "title": "Dinner",
            },
            Object {
              "end": 1534156200000,
              "id": 11,
              "start": 1534143600000,
              "title": "Birthday Party",
            },
            Object {
              "end": 1534557600000,
              "id": 12,
              "start": 1534534200000,
              "title": "Late Night Event",
            },
            Object {
              "end": 1534903200000,
              "id": 13,
              "start": 1534793400000,
              "title": "Multi-day Event",
            },
          ],
          "showMultiDayTime": true,
          "step": 60,
          "views": Array [
            "month",
            "day",
            "agenda",
          ],
        },
        "ref": null,
        "rendered": null,
        "type": [Function],
      },
      "type": "div",
    },
  ],
  Symbol(enzyme.__options__): Object {
    "adapter": ReactSixteenAdapter {
      "options": Object {
        "enableComponentDidUpdateOnSetState": true,
      },
    },
  },
}
`;
